src/app/page.tsx(99,66): error TS2322: Type 'RefObject<HTMLDivElement | null>' is not assignable to type 'RefObject<HTMLElement>'.
  Type 'HTMLDivElement | null' is not assignable to type 'HTMLElement'.
    Type 'null' is not assignable to type 'HTMLElement'.
src/components/canvas/canvas.tsx(181,67): error TS2322: Type '"id"' is not assignable to type '"includeDefaultValues" | "centeredScaling" | "centeredRotation" | "hoverCursor" | "moveCursor" | "perPixelTargetFind" | "type" | "group" | "selectable" | "evented" | "canvas" | ... 53 more ... | undefined'.
src/components/sidebar/sidebar.tsx(29,22): error TS7006: Parameter 'data' implicitly has an 'any' type.
src/hooks/useFabricCanvas.ts(23,24): error TS2339: Property 'undo' does not exist on type 'Canvas'.
src/hooks/useFabricCanvas.ts(27,24): error TS2339: Property 'redo' does not exist on type 'Canvas'.
src/just in case/JsonGenerator.tsx(52,28): error TS2304: Cannot find name 'computeLineHeightFromSvgText'.
src/utils/fabricThumbnail.tsx(72,73): error TS2559: Type '(enlivenedObjects: any[]) => void' has no properties in common with type 'EnlivenObjectOptions'.
src/utils/JsonExtractor.tsx(326,44): error TS2322: Type 'string | undefined' is not assignable to type 'string | TrustedHTML'.
  Type 'undefined' is not assignable to type 'string | TrustedHTML'.
